// Jest Snapshot v1, https://goo.gl/fbAQLP

exports[`should render ExpenseListItem correctly 1`] = `
<div>
  <Link
    replace={false}
    to="edit/undefined"
  >
    <h3 />
  </Link>
  <p>
    $0.00
    -
    1st January, 1970
  </p>
</div>
`;
